// Vitest Snapshot v1, https://vitest.dev/guide/snapshot.html

exports[`<App /> > renders 1`] = `
<DocumentFragment>
  <div
    class="full-screen"
  >
    <div>
      <h1>
        Welcome to Helium
      </h1>
      <form>
        <div>
          <label
            for="connect-host"
          >
            Host
          </label>
          <input
            id="connect-host"
            type="text"
            value=""
          />
        </div>
        <div>
          <label
            for="connect-user"
          >
            User ID
          </label>
          <input
            id="connect-user"
            type="text"
            value=""
          />
        </div>
        <div>
          <label
            for="connect-password"
          >
            Password
          </label>
          <input
            id="connect-password"
            type="password"
            value=""
          />
        </div>
        <div>
          <button
            type="submit"
          >
            Connect
          </button>
        </div>
      </form>
    </div>
  </div>
</DocumentFragment>
`;
